2026.09.28 09:29:09 WARN  Using H2 2.5.250 which is newer than the version Flyway has been verified with. The latest verified version of H2 is 2.3.232.[0m
2026.09.28 09:29:09 INFO  no build target found for /home/anders/Desktop/SchoolProjects/CS-1-Semester/PCPP/PCPP-Assignment3/Exercise5/ConcurrentSetTest.java. Using fallback presentation compiler.[0m
2026.09.28 09:29:10 WARN  no build tool detected in workspace '/home/anders/Desktop/SchoolProjects/CS-1-Semester/PCPP/PCPP-Assignment3'. The most common cause for this problem is that the editor was opened in the wrong working directory, for example if you use sbt then the workspace directory should contain build.sbt. [0m
2026.09.28 09:29:10 WARN  Build server is not auto-connectable.[0m
2026.09.28 09:29:10 WARN  no build target for: /home/anders/Desktop/SchoolProjects/CS-1-Semester/PCPP/PCPP-Assignment3/Exercise5/ConcurrentSetTest.java[0m
2026.09.28 09:29:10 INFO  no build target found for /home/anders/Desktop/SchoolProjects/CS-1-Semester/PCPP/PCPP-Assignment3/Exercise5/ConcurrentSetTest.java. Using fallback presentation compiler.[0m
2026.09.28 09:29:12 INFO  no build target found for /home/anders/Desktop/SchoolProjects/CS-1-Semester/PCPP/PCPP-Assignment3/Exercise5/ConcurrentSetTest.java. Using fallback presentation compiler.[0m
2026.09.28 09:29:12 WARN  no build target for: /home/anders/Desktop/SchoolProjects/CS-1-Semester/PCPP/PCPP-Assignment3/Exercise5/SemaphoreImp.java[0m
2026.09.28 09:29:12 INFO  no build target found for /home/anders/Desktop/SchoolProjects/CS-1-Semester/PCPP/PCPP-Assignment3/Exercise5/SemaphoreImp.java. Using fallback presentation compiler.[0m
2026.09.28 09:29:12 INFO  no build target found for /home/anders/Desktop/SchoolProjects/CS-1-Semester/PCPP/PCPP-Assignment3/Exercise5/SemaphoreImp.java. Using fallback presentation compiler.[0m
2026.09.28 09:29:12 INFO  no build target found for /home/anders/Desktop/SchoolProjects/CS-1-Semester/PCPP/PCPP-Assignment3/Exercise5/SemaphoreImp.java. Using fallback presentation compiler.[0m
Sep 28, 2026 9:29:12 AM org.eclipse.lsp4j.jsonrpc.RemoteEndpoint handleCancellation
WARNING: Unmatched cancel notification for request id 9
2026.09.28 09:29:12 INFO  no build target found for /home/anders/Desktop/SchoolProjects/CS-1-Semester/PCPP/PCPP-Assignment3/Exercise5/SemaphoreImp.java. Using fallback presentation compiler.[0m
2026.09.28 09:29:12 INFO  no build target found for /home/anders/Desktop/SchoolProjects/CS-1-Semester/PCPP/PCPP-Assignment3/Exercise5/SemaphoreImp.java. Using fallback presentation compiler.[0m
2026.09.28 09:29:13 WARN  no build target for: /home/anders/Desktop/SchoolProjects/CS-1-Semester/PCPP/PCPP-Assignment3/Exercise5/ConcurrentIntegerSet.java[0m
2026.09.28 09:29:12 INFO  no build target found for /home/anders/Desktop/SchoolProjects/CS-1-Semester/PCPP/PCPP-Assignment3/Exercise5/ConcurrentIntegerSet.java. Using fallback presentation compiler.[0m
2026.09.28 09:29:13 INFO  no build target found for /home/anders/Desktop/SchoolProjects/CS-1-Semester/PCPP/PCPP-Assignment3/Exercise5/ConcurrentIntegerSet.java. Using fallback presentation compiler.[0m
2026.09.28 09:29:13 INFO  no build target found for /home/anders/Desktop/SchoolProjects/CS-1-Semester/PCPP/PCPP-Assignment3/Exercise5/ConcurrentIntegerSet.java. Using fallback presentation compiler.[0m
2026.09.28 09:29:13 INFO  no build target found for /home/anders/Desktop/SchoolProjects/CS-1-Semester/PCPP/PCPP-Assignment3/Exercise5/ConcurrentIntegerSet.java. Using fallback presentation compiler.[0m
2026.09.28 09:29:14 INFO  no build target found for /home/anders/Desktop/SchoolProjects/CS-1-Semester/PCPP/PCPP-Assignment3/Exercise5/ConcurrentIntegerSet.java. Using fallback presentation compiler.[0m
2026.09.28 09:29:57 INFO  no build target found for /home/anders/Desktop/SchoolProjects/CS-1-Semester/PCPP/PCPP-Assignment3/Exercise5/ConcurrentIntegerSet.java. Using fallback presentation compiler.[0m
2026.09.28 09:29:57 WARN  no build target for: /home/anders/Desktop/SchoolProjects/CS-1-Semester/PCPP/PCPP-Assignment3/Exercise5/SemaphoreImp.java[0m
2026.09.28 09:29:57 INFO  no build target found for /home/anders/Desktop/SchoolProjects/CS-1-Semester/PCPP/PCPP-Assignment3/Exercise5/SemaphoreImp.java. Using fallback presentation compiler.[0m
2026.09.28 09:29:57 INFO  no build target found for /home/anders/Desktop/SchoolProjects/CS-1-Semester/PCPP/PCPP-Assignment3/Exercise5/SemaphoreImp.java. Using fallback presentation compiler.[0m
2026.09.28 09:29:57 INFO  no build target found for /home/anders/Desktop/SchoolProjects/CS-1-Semester/PCPP/PCPP-Assignment3/Exercise5/SemaphoreImp.java. Using fallback presentation compiler.[0m
2026.09.28 09:29:58 INFO  no build target found for /home/anders/Desktop/SchoolProjects/CS-1-Semester/PCPP/PCPP-Assignment3/Exercise5/SemaphoreImp.java. Using fallback presentation compiler.[0m
2026.09.28 09:29:57 INFO  no build target found for /home/anders/Desktop/SchoolProjects/CS-1-Semester/PCPP/PCPP-Assignment3/Exercise5/SemaphoreImp.java. Using fallback presentation compiler.[0m
2026.09.28 09:29:59 INFO  no build target found for /home/anders/Desktop/SchoolProjects/CS-1-Semester/PCPP/PCPP-Assignment3/Exercise5/SemaphoreImp.java. Using fallback presentation compiler.[0m
2026.09.28 09:29:59 INFO  no build target found for /home/anders/Desktop/SchoolProjects/CS-1-Semester/PCPP/PCPP-Assignment3/Exercise5/SemaphoreImp.java. Using fallback presentation compiler.[0m
2026.09.28 09:30:01 INFO  no build target found for /home/anders/Desktop/SchoolProjects/CS-1-Semester/PCPP/PCPP-Assignment3/Exercise5/SemaphoreImp.java. Using fallback presentation compiler.[0m
2026.09.28 09:30:01 WARN  no build target for: /home/anders/Desktop/SchoolProjects/CS-1-Semester/PCPP/PCPP-Assignment3/Exercise5/ConcurrentSetTest.java[0m
2026.09.28 09:30:01 INFO  no build target found for /home/anders/Desktop/SchoolProjects/CS-1-Semester/PCPP/PCPP-Assignment3/Exercise5/ConcurrentSetTest.java. Using fallback presentation compiler.[0m
2026.09.28 09:30:01 INFO  no build target found for /home/anders/Desktop/SchoolProjects/CS-1-Semester/PCPP/PCPP-Assignment3/Exercise5/ConcurrentSetTest.java. Using fallback presentation compiler.[0m
2026.09.28 09:30:01 INFO  no build target found for /home/anders/Desktop/SchoolProjects/CS-1-Semester/PCPP/PCPP-Assignment3/Exercise5/ConcurrentSetTest.java. Using fallback presentation compiler.[0m
2026.09.28 09:30:01 INFO  no build target found for /home/anders/Desktop/SchoolProjects/CS-1-Semester/PCPP/PCPP-Assignment3/Exercise5/ConcurrentSetTest.java. Using fallback presentation compiler.[0m
2026.09.28 09:30:01 INFO  no build target found for /home/anders/Desktop/SchoolProjects/CS-1-Semester/PCPP/PCPP-Assignment3/Exercise5/ConcurrentSetTest.java. Using fallback presentation compiler.[0m
2026.09.28 09:30:03 INFO  no build target found for /home/anders/Desktop/SchoolProjects/CS-1-Semester/PCPP/PCPP-Assignment3/Exercise5/ConcurrentSetTest.java. Using fallback presentation compiler.[0m
2026.09.28 09:30:12 INFO  no build target found for /home/anders/Desktop/SchoolProjects/CS-1-Semester/PCPP/PCPP-Assignment3/Exercise5/ConcurrentSetTest.java. Using fallback presentation compiler.[0m
2026.09.28 09:30:12 INFO  no build target found for /home/anders/Desktop/SchoolProjects/CS-1-Semester/PCPP/PCPP-Assignment3/Exercise5/ConcurrentSetTest.java. Using fallback presentation compiler.[0m
2026.09.28 09:30:12 INFO  no build target found for /home/anders/Desktop/SchoolProjects/CS-1-Semester/PCPP/PCPP-Assignment3/Exercise5/ConcurrentSetTest.java. Using fallback presentation compiler.[0m
2026.09.28 09:30:12 INFO  no build target found for /home/anders/Desktop/SchoolProjects/CS-1-Semester/PCPP/PCPP-Assignment3/Exercise5/ConcurrentSetTest.java. Using fallback presentation compiler.[0m
2026.09.28 09:30:29 INFO  no build target found for /home/anders/Desktop/SchoolProjects/CS-1-Semester/PCPP/PCPP-Assignment3/Exercise5/ConcurrentSetTest.java. Using fallback presentation compiler.[0m
2026.09.28 09:31:15 INFO  no build target found for /home/anders/Desktop/SchoolProjects/CS-1-Semester/PCPP/PCPP-Assignment3/Exercise5/ConcurrentSetTest.java. Using fallback presentation compiler.[0m
2026.09.28 09:31:15 WARN  no build target for: /home/anders/Desktop/SchoolProjects/CS-1-Semester/PCPP/PCPP-Assignment3/Exercise5/ConcurrentSetTest.java[0m
2026.09.28 09:31:15 INFO  no build target found for /home/anders/Desktop/SchoolProjects/CS-1-Semester/PCPP/PCPP-Assignment3/Exercise5/ConcurrentSetTest.java. Using fallback presentation compiler.[0m
2026.09.28 09:31:15 INFO  no build target found for /home/anders/Desktop/SchoolProjects/CS-1-Semester/PCPP/PCPP-Assignment3/Exercise5/ConcurrentSetTest.java. Using fallback presentation compiler.[0m
2026.09.28 09:31:15 INFO  no build target found for /home/anders/Desktop/SchoolProjects/CS-1-Semester/PCPP/PCPP-Assignment3/Exercise5/ConcurrentSetTest.java. Using fallback presentation compiler.[0m
2026.09.28 09:31:15 INFO  no build target found for /home/anders/Desktop/SchoolProjects/CS-1-Semester/PCPP/PCPP-Assignment3/Exercise5/ConcurrentSetTest.java. Using fallback presentation compiler.[0m
2026.09.28 09:31:22 INFO  no build target found for /home/anders/Desktop/SchoolProjects/CS-1-Semester/PCPP/PCPP-Assignment3/Exercise5/ConcurrentSetTest.java. Using fallback presentation compiler.[0m
2026.09.28 09:31:24 INFO  no build target found for /home/anders/Desktop/SchoolProjects/CS-1-Semester/PCPP/PCPP-Assignment3/Exercise5/ConcurrentSetTest.java. Using fallback presentation compiler.[0m
2026.09.28 09:31:30 INFO  no build target found for /home/anders/Desktop/SchoolProjects/CS-1-Semester/PCPP/PCPP-Assignment3/Exercise5/ConcurrentSetTest.java. Using fallback presentation compiler.[0m
2026.09.28 09:31:31 INFO  no build target found for /home/anders/Desktop/SchoolProjects/CS-1-Semester/PCPP/PCPP-Assignment3/Exercise5/ConcurrentSetTest.java. Using fallback presentation compiler.[0m
2026.09.28 09:31:31 WARN  no build target for: /home/anders/Desktop/SchoolProjects/CS-1-Semester/PCPP/PCPP-Assignment3/Exercise5/ConcurrentIntegerSet.java[0m
2026.09.28 09:31:31 INFO  no build target found for /home/anders/Desktop/SchoolProjects/CS-1-Semester/PCPP/PCPP-Assignment3/Exercise5/ConcurrentIntegerSet.java. Using fallback presentation compiler.[0m
2026.09.28 09:31:31 INFO  no build target found for /home/anders/Desktop/SchoolProjects/CS-1-Semester/PCPP/PCPP-Assignment3/Exercise5/ConcurrentIntegerSet.java. Using fallback presentation compiler.[0m
2026.09.28 09:31:31 INFO  no build target found for /home/anders/Desktop/SchoolProjects/CS-1-Semester/PCPP/PCPP-Assignment3/Exercise5/ConcurrentIntegerSet.java. Using fallback presentation compiler.[0m
2026.09.28 09:31:32 INFO  no build target found for /home/anders/Desktop/SchoolProjects/CS-1-Semester/PCPP/PCPP-Assignment3/Exercise5/ConcurrentIntegerSet.java. Using fallback presentation compiler.[0m
2026.09.28 09:31:31 INFO  no build target found for /home/anders/Desktop/SchoolProjects/CS-1-Semester/PCPP/PCPP-Assignment3/Exercise5/ConcurrentIntegerSet.java. Using fallback presentation compiler.[0m
2026.09.28 09:31:32 INFO  no build target found for /home/anders/Desktop/SchoolProjects/CS-1-Semester/PCPP/PCPP-Assignment3/Exercise5/ConcurrentIntegerSet.java. Using fallback presentation compiler.[0m
2026.09.28 09:31:32 INFO  no build target found for /home/anders/Desktop/SchoolProjects/CS-1-Semester/PCPP/PCPP-Assignment3/Exercise5/ConcurrentIntegerSet.java. Using fallback presentation compiler.[0m
2026.09.28 09:31:33 WARN  no build target for: /home/anders/Desktop/SchoolProjects/CS-1-Semester/PCPP/PCPP-Assignment3/Exercise5/SemaphoreImp.java[0m
2026.09.28 09:31:32 INFO  no build target found for /home/anders/Desktop/SchoolProjects/CS-1-Semester/PCPP/PCPP-Assignment3/Exercise5/SemaphoreImp.java. Using fallback presentation compiler.[0m
2026.09.28 09:31:33 INFO  no build target found for /home/anders/Desktop/SchoolProjects/CS-1-Semester/PCPP/PCPP-Assignment3/Exercise5/SemaphoreImp.java. Using fallback presentation compiler.[0m
2026.09.28 09:31:32 INFO  no build target found for /home/anders/Desktop/SchoolProjects/CS-1-Semester/PCPP/PCPP-Assignment3/Exercise5/SemaphoreImp.java. Using fallback presentation compiler.[0m
2026.09.28 09:31:33 INFO  no build target found for /home/anders/Desktop/SchoolProjects/CS-1-Semester/PCPP/PCPP-Assignment3/Exercise5/SemaphoreImp.java. Using fallback presentation compiler.[0m
2026.09.28 09:31:34 INFO  no build target found for /home/anders/Desktop/SchoolProjects/CS-1-Semester/PCPP/PCPP-Assignment3/Exercise5/SemaphoreImp.java. Using fallback presentation compiler.[0m
2026.09.28 09:31:34 INFO  no build target found for /home/anders/Desktop/SchoolProjects/CS-1-Semester/PCPP/PCPP-Assignment3/Exercise5/SemaphoreImp.java. Using fallback presentation compiler.[0m
2026.09.28 09:31:34 WARN  no build target for: /home/anders/Desktop/SchoolProjects/CS-1-Semester/PCPP/PCPP-Assignment3/Exercise5/ConcurrentSetTest.java[0m
2026.09.28 09:31:34 INFO  no build target found for /home/anders/Desktop/SchoolProjects/CS-1-Semester/PCPP/PCPP-Assignment3/Exercise5/ConcurrentSetTest.java. Using fallback presentation compiler.[0m
2026.09.28 09:31:34 INFO  no build target found for /home/anders/Desktop/SchoolProjects/CS-1-Semester/PCPP/PCPP-Assignment3/Exercise5/ConcurrentSetTest.java. Using fallback presentation compiler.[0m
2026.09.28 09:31:33 INFO  no build target found for /home/anders/Desktop/SchoolProjects/CS-1-Semester/PCPP/PCPP-Assignment3/Exercise5/ConcurrentSetTest.java. Using fallback presentation compiler.[0m
2026.09.28 09:31:34 INFO  no build target found for /home/anders/Desktop/SchoolProjects/CS-1-Semester/PCPP/PCPP-Assignment3/Exercise5/ConcurrentSetTest.java. Using fallback presentation compiler.[0m
2026.09.28 09:31:34 INFO  no build target found for /home/anders/Desktop/SchoolProjects/CS-1-Semester/PCPP/PCPP-Assignment3/Exercise5/ConcurrentSetTest.java. Using fallback presentation compiler.[0m
2026.09.28 09:31:34 INFO  no build target found for /home/anders/Desktop/SchoolProjects/CS-1-Semester/PCPP/PCPP-Assignment3/Exercise5/ConcurrentSetTest.java. Using fallback presentation compiler.[0m
2026.09.28 09:31:35 INFO  no build target found for /home/anders/Desktop/SchoolProjects/CS-1-Semester/PCPP/PCPP-Assignment3/Exercise5/ConcurrentSetTest.java. Using fallback presentation compiler.[0m
2026.09.28 09:31:35 INFO  no build target found for /home/anders/Desktop/SchoolProjects/CS-1-Semester/PCPP/PCPP-Assignment3/Exercise5/ConcurrentSetTest.java. Using fallback presentation compiler.[0m
2026.09.28 09:31:49 INFO  no build target found for /home/anders/Desktop/SchoolProjects/CS-1-Semester/PCPP/PCPP-Assignment3/Exercise5/ConcurrentSetTest.java. Using fallback presentation compiler.[0m
2026.09.28 09:32:24 INFO  no build target found for /home/anders/Desktop/SchoolProjects/CS-1-Semester/PCPP/PCPP-Assignment3/Exercise5/ConcurrentSetTest.java. Using fallback presentation compiler.[0m
2026.09.28 09:32:24 WARN  no build target for: /home/anders/Desktop/SchoolProjects/CS-1-Semester/PCPP/PCPP-Assignment3/Exercise5/SemaphoreImp.java[0m
2026.09.28 09:32:24 INFO  no build target found for /home/anders/Desktop/SchoolProjects/CS-1-Semester/PCPP/PCPP-Assignment3/Exercise5/SemaphoreImp.java. Using fallback presentation compiler.[0m
2026.09.28 09:32:24 INFO  no build target found for /home/anders/Desktop/SchoolProjects/CS-1-Semester/PCPP/PCPP-Assignment3/Exercise5/SemaphoreImp.java. Using fallback presentation compiler.[0m
2026.09.28 09:32:24 INFO  no build target found for /home/anders/Desktop/SchoolProjects/CS-1-Semester/PCPP/PCPP-Assignment3/Exercise5/SemaphoreImp.java. Using fallback presentation compiler.[0m
2026.09.28 09:32:24 INFO  no build target found for /home/anders/Desktop/SchoolProjects/CS-1-Semester/PCPP/PCPP-Assignment3/Exercise5/SemaphoreImp.java. Using fallback presentation compiler.[0m
2026.09.28 09:32:24 INFO  no build target found for /home/anders/Desktop/SchoolProjects/CS-1-Semester/PCPP/PCPP-Assignment3/Exercise5/SemaphoreImp.java. Using fallback presentation compiler.[0m
2026.09.28 09:32:25 INFO  no build target found for /home/anders/Desktop/SchoolProjects/CS-1-Semester/PCPP/PCPP-Assignment3/Exercise5/SemaphoreImp.java. Using fallback presentation compiler.[0m
2026.09.28 09:32:57 INFO  no build target found for /home/anders/Desktop/SchoolProjects/CS-1-Semester/PCPP/PCPP-Assignment3/Exercise5/SemaphoreImp.java. Using fallback presentation compiler.[0m
