2026.09.21 10:15:51 INFO  Started: Metals version 1.6.9 in folders '/home/anders/Desktop/SchoolProjects/CS-1-Semester/PCPP/PCPP-Assignment3/Exercise5' for client Visual Studio Code 1.137.0.[0m
2026.09.21 10:15:51 INFO  Memory monitor started[0m
2026.09.21 10:15:52 WARN  Using H2 2.5.250 which is newer than the version Flyway has been verified with. The latest verified version of H2 is 2.3.232.[0m
2026.09.21 10:15:52 INFO  no build target found for /home/anders/Desktop/SchoolProjects/CS-1-Semester/PCPP/PCPP-Assignment3/Exercise5/ConcurrentSetTest.java. Using fallback presentation compiler.[0m
2026.09.21 10:15:53 INFO  no build target found for /home/anders/Desktop/SchoolProjects/CS-1-Semester/PCPP/PCPP-Assignment3/Exercise5/ConcurrentSetTest.java. Using fallback presentation compiler.[0m
2026.09.21 10:15:53 WARN  no build tool detected in workspace '/home/anders/Desktop/SchoolProjects/CS-1-Semester/PCPP/PCPP-Assignment3/Exercise5'. The most common cause for this problem is that the editor was opened in the wrong working directory, for example if you use sbt then the workspace directory should contain build.sbt. [0m
2026.09.21 10:15:53 WARN  Build server is not auto-connectable.[0m
2026.09.21 10:15:53 WARN  no build target for: /home/anders/Desktop/SchoolProjects/CS-1-Semester/PCPP/PCPP-Assignment3/Exercise5/ConcurrentSetTest.java[0m
2026.09.21 10:15:53 INFO  no build target found for /home/anders/Desktop/SchoolProjects/CS-1-Semester/PCPP/PCPP-Assignment3/Exercise5/ConcurrentSetTest.java. Using fallback presentation compiler.[0m
2026.09.21 10:15:52 INFO  no build target found for /home/anders/Desktop/SchoolProjects/CS-1-Semester/PCPP/PCPP-Assignment3/Exercise5/ConcurrentSetTest.java. Using fallback presentation compiler.[0m
2026.09.21 10:15:54 INFO  no build target found for /home/anders/Desktop/SchoolProjects/CS-1-Semester/PCPP/PCPP-Assignment3/Exercise5/ConcurrentSetTest.java. Using fallback presentation compiler.[0m
2026.09.21 10:15:54 INFO  time: code lens generation in 1.27s[0m
2026.09.21 10:15:57 INFO  no build target found for /home/anders/Desktop/SchoolProjects/CS-1-Semester/PCPP/PCPP-Assignment3/Exercise5/ConcurrentSetTest.java. Using fallback presentation compiler.[0m
2026.09.21 10:15:57 INFO  no build target found for /home/anders/Desktop/SchoolProjects/CS-1-Semester/PCPP/PCPP-Assignment3/Exercise5/ConcurrentSetTest.java. Using fallback presentation compiler.[0m
2026.09.21 10:16:11 INFO  no build target found for /home/anders/Desktop/SchoolProjects/CS-1-Semester/PCPP/PCPP-Assignment3/Exercise5/ConcurrentSetTest.java. Using fallback presentation compiler.[0m
2026.09.21 10:16:11 WARN  no build target for: /home/anders/Desktop/SchoolProjects/CS-1-Semester/PCPP/PCPP-Assignment3/Exercise5/SemaphoreImp.java[0m
2026.09.21 10:16:11 INFO  no build target found for /home/anders/Desktop/SchoolProjects/CS-1-Semester/PCPP/PCPP-Assignment3/Exercise5/SemaphoreImp.java. Using fallback presentation compiler.[0m
2026.09.21 10:16:11 INFO  no build target found for /home/anders/Desktop/SchoolProjects/CS-1-Semester/PCPP/PCPP-Assignment3/Exercise5/SemaphoreImp.java. Using fallback presentation compiler.[0m
2026.09.21 10:16:11 INFO  no build target found for /home/anders/Desktop/SchoolProjects/CS-1-Semester/PCPP/PCPP-Assignment3/Exercise5/SemaphoreImp.java. Using fallback presentation compiler.[0m
Sep 21, 2026 10:16:11 AM org.eclipse.lsp4j.jsonrpc.RemoteEndpoint handleCancellation
WARNING: Unmatched cancel notification for request id 19
2026.09.21 10:16:11 INFO  no build target found for /home/anders/Desktop/SchoolProjects/CS-1-Semester/PCPP/PCPP-Assignment3/Exercise5/SemaphoreImp.java. Using fallback presentation compiler.[0m
2026.09.21 10:16:12 INFO  no build target found for /home/anders/Desktop/SchoolProjects/CS-1-Semester/PCPP/PCPP-Assignment3/Exercise5/SemaphoreImp.java. Using fallback presentation compiler.[0m
2026.09.21 10:16:16 INFO  no build target found for /home/anders/Desktop/SchoolProjects/CS-1-Semester/PCPP/PCPP-Assignment3/Exercise5/SemaphoreImp.java. Using fallback presentation compiler.[0m
2026.09.21 10:16:16 WARN  no build target for: /home/anders/Desktop/SchoolProjects/CS-1-Semester/PCPP/PCPP-Assignment3/Exercise5/ConcurrentSetTest.java[0m
2026.09.21 10:16:16 INFO  no build target found for /home/anders/Desktop/SchoolProjects/CS-1-Semester/PCPP/PCPP-Assignment3/Exercise5/ConcurrentSetTest.java. Using fallback presentation compiler.[0m
2026.09.21 10:16:17 INFO  no build target found for /home/anders/Desktop/SchoolProjects/CS-1-Semester/PCPP/PCPP-Assignment3/Exercise5/ConcurrentSetTest.java. Using fallback presentation compiler.[0m
2026.09.21 10:16:16 INFO  no build target found for /home/anders/Desktop/SchoolProjects/CS-1-Semester/PCPP/PCPP-Assignment3/Exercise5/ConcurrentSetTest.java. Using fallback presentation compiler.[0m
2026.09.21 10:16:17 INFO  no build target found for /home/anders/Desktop/SchoolProjects/CS-1-Semester/PCPP/PCPP-Assignment3/Exercise5/ConcurrentSetTest.java. Using fallback presentation compiler.[0m
2026.09.21 10:16:16 INFO  no build target found for /home/anders/Desktop/SchoolProjects/CS-1-Semester/PCPP/PCPP-Assignment3/Exercise5/ConcurrentSetTest.java. Using fallback presentation compiler.[0m
2026.09.21 10:16:18 INFO  no build target found for /home/anders/Desktop/SchoolProjects/CS-1-Semester/PCPP/PCPP-Assignment3/Exercise5/ConcurrentSetTest.java. Using fallback presentation compiler.[0m
2026.09.21 10:16:18 INFO  no build target found for /home/anders/Desktop/SchoolProjects/CS-1-Semester/PCPP/PCPP-Assignment3/Exercise5/ConcurrentSetTest.java. Using fallback presentation compiler.[0m
2026.09.21 10:16:19 INFO  no build target found for /home/anders/Desktop/SchoolProjects/CS-1-Semester/PCPP/PCPP-Assignment3/Exercise5/ConcurrentSetTest.java. Using fallback presentation compiler.[0m
2026.09.21 10:16:20 WARN  no build target for: /home/anders/Desktop/SchoolProjects/CS-1-Semester/PCPP/PCPP-Assignment3/Exercise5/ConcurrentIntegerSet.java[0m
2026.09.21 10:16:19 INFO  no build target found for /home/anders/Desktop/SchoolProjects/CS-1-Semester/PCPP/PCPP-Assignment3/Exercise5/ConcurrentIntegerSet.java. Using fallback presentation compiler.[0m
2026.09.21 10:16:20 INFO  no build target found for /home/anders/Desktop/SchoolProjects/CS-1-Semester/PCPP/PCPP-Assignment3/Exercise5/ConcurrentIntegerSet.java. Using fallback presentation compiler.[0m
2026.09.21 10:16:19 INFO  no build target found for /home/anders/Desktop/SchoolProjects/CS-1-Semester/PCPP/PCPP-Assignment3/Exercise5/ConcurrentIntegerSet.java. Using fallback presentation compiler.[0m
2026.09.21 10:16:20 INFO  no build target found for /home/anders/Desktop/SchoolProjects/CS-1-Semester/PCPP/PCPP-Assignment3/Exercise5/ConcurrentIntegerSet.java. Using fallback presentation compiler.[0m
2026.09.21 10:16:21 INFO  no build target found for /home/anders/Desktop/SchoolProjects/CS-1-Semester/PCPP/PCPP-Assignment3/Exercise5/ConcurrentIntegerSet.java. Using fallback presentation compiler.[0m
2026.09.21 10:16:23 INFO  no build target found for /home/anders/Desktop/SchoolProjects/CS-1-Semester/PCPP/PCPP-Assignment3/Exercise5/ConcurrentIntegerSet.java. Using fallback presentation compiler.[0m
2026.09.21 10:16:39 INFO  no build target found for /home/anders/Desktop/SchoolProjects/CS-1-Semester/PCPP/PCPP-Assignment3/Exercise5/ConcurrentIntegerSet.java. Using fallback presentation compiler.[0m
2026.09.21 10:16:52 WARN  no build target for: /home/anders/Desktop/SchoolProjects/CS-1-Semester/PCPP/PCPP-Assignment3/Exercise5/ConcurrentSetTest.java[0m
2026.09.21 10:16:52 INFO  no build target found for /home/anders/Desktop/SchoolProjects/CS-1-Semester/PCPP/PCPP-Assignment3/Exercise5/ConcurrentSetTest.java. Using fallback presentation compiler.[0m
2026.09.21 10:16:52 INFO  no build target found for /home/anders/Desktop/SchoolProjects/CS-1-Semester/PCPP/PCPP-Assignment3/Exercise5/ConcurrentSetTest.java. Using fallback presentation compiler.[0m
2026.09.21 10:16:52 INFO  no build target found for /home/anders/Desktop/SchoolProjects/CS-1-Semester/PCPP/PCPP-Assignment3/Exercise5/ConcurrentSetTest.java. Using fallback presentation compiler.[0m
2026.09.21 10:16:52 INFO  no build target found for /home/anders/Desktop/SchoolProjects/CS-1-Semester/PCPP/PCPP-Assignment3/Exercise5/ConcurrentIntegerSet.java. Using fallback presentation compiler.[0m
2026.09.21 10:16:52 INFO  no build target found for /home/anders/Desktop/SchoolProjects/CS-1-Semester/PCPP/PCPP-Assignment3/Exercise5/ConcurrentSetTest.java. Using fallback presentation compiler.[0m
2026.09.21 10:16:52 INFO  no build target found for /home/anders/Desktop/SchoolProjects/CS-1-Semester/PCPP/PCPP-Assignment3/Exercise5/ConcurrentSetTest.java. Using fallback presentation compiler.[0m
2026.09.21 10:16:53 INFO  no build target found for /home/anders/Desktop/SchoolProjects/CS-1-Semester/PCPP/PCPP-Assignment3/Exercise5/ConcurrentSetTest.java. Using fallback presentation compiler.[0m
2026.09.21 10:17:00 INFO  no build target found for /home/anders/Desktop/SchoolProjects/CS-1-Semester/PCPP/PCPP-Assignment3/Exercise5/ConcurrentIntegerSet.java. Using fallback presentation compiler.[0m
2026.09.21 10:17:00 INFO  no build target found for /home/anders/Desktop/SchoolProjects/CS-1-Semester/PCPP/PCPP-Assignment3/Exercise5/ConcurrentIntegerSet.java. Using fallback presentation compiler.[0m
2026.09.21 10:17:06 INFO  no build target found for /home/anders/Desktop/SchoolProjects/CS-1-Semester/PCPP/PCPP-Assignment3/Exercise5/ConcurrentIntegerSet.java. Using fallback presentation compiler.[0m
2026.09.21 10:17:29 INFO  no build target found for /home/anders/Desktop/SchoolProjects/CS-1-Semester/PCPP/PCPP-Assignment3/Exercise5/ConcurrentIntegerSet.java. Using fallback presentation compiler.[0m
2026.09.21 10:17:29 INFO  no build target found for /home/anders/Desktop/SchoolProjects/CS-1-Semester/PCPP/PCPP-Assignment3/Exercise5/ConcurrentIntegerSet.java. Using fallback presentation compiler.[0m
2026.09.21 10:17:31 INFO  no build target found for /home/anders/Desktop/SchoolProjects/CS-1-Semester/PCPP/PCPP-Assignment3/Exercise5/ConcurrentIntegerSet.java. Using fallback presentation compiler.[0m
2026.09.21 10:17:31 WARN  no build target for: /home/anders/Desktop/SchoolProjects/CS-1-Semester/PCPP/PCPP-Assignment3/Exercise5/ConcurrentIntegerSet.java[0m
2026.09.21 10:17:31 INFO  no build target found for /home/anders/Desktop/SchoolProjects/CS-1-Semester/PCPP/PCPP-Assignment3/Exercise5/ConcurrentIntegerSet.java. Using fallback presentation compiler.[0m
2026.09.21 10:17:31 INFO  no build target found for /home/anders/Desktop/SchoolProjects/CS-1-Semester/PCPP/PCPP-Assignment3/Exercise5/ConcurrentSetTest.java. Using fallback presentation compiler.[0m
2026.09.21 10:17:31 INFO  no build target found for /home/anders/Desktop/SchoolProjects/CS-1-Semester/PCPP/PCPP-Assignment3/Exercise5/ConcurrentIntegerSet.java. Using fallback presentation compiler.[0m
2026.09.21 10:17:33 INFO  no build target found for /home/anders/Desktop/SchoolProjects/CS-1-Semester/PCPP/PCPP-Assignment3/Exercise5/ConcurrentIntegerSet.java. Using fallback presentation compiler.[0m
2026.09.21 10:17:36 INFO  no build target found for /home/anders/Desktop/SchoolProjects/CS-1-Semester/PCPP/PCPP-Assignment3/Exercise5/ConcurrentIntegerSet.java. Using fallback presentation compiler.[0m
2026.09.21 10:17:36 INFO  no build target found for /home/anders/Desktop/SchoolProjects/CS-1-Semester/PCPP/PCPP-Assignment3/Exercise5/ConcurrentIntegerSet.java. Using fallback presentation compiler.[0m
2026.09.21 10:17:39 INFO  no build target found for /home/anders/Desktop/SchoolProjects/CS-1-Semester/PCPP/PCPP-Assignment3/Exercise5/ConcurrentIntegerSet.java. Using fallback presentation compiler.[0m
2026.09.21 10:17:41 INFO  no build target found for /home/anders/Desktop/SchoolProjects/CS-1-Semester/PCPP/PCPP-Assignment3/Exercise5/ConcurrentIntegerSet.java. Using fallback presentation compiler.[0m
2026.09.21 10:17:42 INFO  no build target found for /home/anders/Desktop/SchoolProjects/CS-1-Semester/PCPP/PCPP-Assignment3/Exercise5/ConcurrentIntegerSet.java. Using fallback presentation compiler.[0m
2026.09.21 10:17:56 INFO  no build target found for /home/anders/Desktop/SchoolProjects/CS-1-Semester/PCPP/PCPP-Assignment3/Exercise5/ConcurrentIntegerSet.java. Using fallback presentation compiler.[0m
2026.09.21 10:17:56 INFO  no build target found for /home/anders/Desktop/SchoolProjects/CS-1-Semester/PCPP/PCPP-Assignment3/Exercise5/ConcurrentIntegerSet.java. Using fallback presentation compiler.[0m
2026.09.21 10:42:18 INFO  no build target found for /home/anders/Desktop/SchoolProjects/CS-1-Semester/PCPP/PCPP-Assignment3/Exercise5/ConcurrentIntegerSet.java. Using fallback presentation compiler.[0m
2026.09.21 10:42:26 INFO  no build target found for /home/anders/Desktop/SchoolProjects/CS-1-Semester/PCPP/PCPP-Assignment3/Exercise5/ConcurrentIntegerSet.java. Using fallback presentation compiler.[0m
2026.09.21 10:42:36 INFO  no build target found for /home/anders/Desktop/SchoolProjects/CS-1-Semester/PCPP/PCPP-Assignment3/Exercise5/ConcurrentIntegerSet.java. Using fallback presentation compiler.[0m
2026.09.21 10:42:36 WARN  no build target for: /home/anders/Desktop/SchoolProjects/CS-1-Semester/PCPP/PCPP-Assignment3/Exercise5/SemaphoreImp.java[0m
2026.09.21 10:42:36 INFO  no build target found for /home/anders/Desktop/SchoolProjects/CS-1-Semester/PCPP/PCPP-Assignment3/Exercise5/SemaphoreImp.java. Using fallback presentation compiler.[0m
2026.09.21 10:42:36 INFO  no build target found for /home/anders/Desktop/SchoolProjects/CS-1-Semester/PCPP/PCPP-Assignment3/Exercise5/SemaphoreImp.java. Using fallback presentation compiler.[0m
2026.09.21 10:42:36 INFO  no build target found for /home/anders/Desktop/SchoolProjects/CS-1-Semester/PCPP/PCPP-Assignment3/Exercise5/SemaphoreImp.java. Using fallback presentation compiler.[0m
2026.09.21 10:42:36 INFO  no build target found for /home/anders/Desktop/SchoolProjects/CS-1-Semester/PCPP/PCPP-Assignment3/Exercise5/ConcurrentSetTest.java. Using fallback presentation compiler.[0m
2026.09.21 10:42:36 INFO  no build target found for /home/anders/Desktop/SchoolProjects/CS-1-Semester/PCPP/PCPP-Assignment3/Exercise5/SemaphoreImp.java. Using fallback presentation compiler.[0m
2026.09.21 10:42:36 INFO  no build target found for /home/anders/Desktop/SchoolProjects/CS-1-Semester/PCPP/PCPP-Assignment3/Exercise5/SemaphoreImp.java. Using fallback presentation compiler.[0m
2026.09.21 10:42:36 INFO  no build target found for /home/anders/Desktop/SchoolProjects/CS-1-Semester/PCPP/PCPP-Assignment3/Exercise5/SemaphoreImp.java. Using fallback presentation compiler.[0m
2026.09.21 10:42:37 INFO  no build target found for /home/anders/Desktop/SchoolProjects/CS-1-Semester/PCPP/PCPP-Assignment3/Exercise5/SemaphoreImp.java. Using fallback presentation compiler.[0m
2026.09.21 10:42:42 INFO  no build target found for /home/anders/Desktop/SchoolProjects/CS-1-Semester/PCPP/PCPP-Assignment3/Exercise5/SemaphoreImp.java. Using fallback presentation compiler.[0m
2026.09.21 10:42:42 WARN  no build target for: /home/anders/Desktop/SchoolProjects/CS-1-Semester/PCPP/PCPP-Assignment3/Exercise5/ConcurrentIntegerSet.java[0m
2026.09.21 10:42:42 INFO  no build target found for /home/anders/Desktop/SchoolProjects/CS-1-Semester/PCPP/PCPP-Assignment3/Exercise5/ConcurrentIntegerSet.java. Using fallback presentation compiler.[0m
2026.09.21 10:42:42 INFO  no build target found for /home/anders/Desktop/SchoolProjects/CS-1-Semester/PCPP/PCPP-Assignment3/Exercise5/ConcurrentIntegerSet.java. Using fallback presentation compiler.[0m
2026.09.21 10:42:42 INFO  no build target found for /home/anders/Desktop/SchoolProjects/CS-1-Semester/PCPP/PCPP-Assignment3/Exercise5/ConcurrentIntegerSet.java. Using fallback presentation compiler.[0m
2026.09.21 10:42:42 INFO  no build target found for /home/anders/Desktop/SchoolProjects/CS-1-Semester/PCPP/PCPP-Assignment3/Exercise5/ConcurrentSetTest.java. Using fallback presentation compiler.[0m
2026.09.21 10:42:42 INFO  no build target found for /home/anders/Desktop/SchoolProjects/CS-1-Semester/PCPP/PCPP-Assignment3/Exercise5/ConcurrentIntegerSet.java. Using fallback presentation compiler.[0m
2026.09.21 10:42:43 INFO  no build target found for /home/anders/Desktop/SchoolProjects/CS-1-Semester/PCPP/PCPP-Assignment3/Exercise5/ConcurrentIntegerSet.java. Using fallback presentation compiler.[0m
2026.09.21 10:42:42 INFO  no build target found for /home/anders/Desktop/SchoolProjects/CS-1-Semester/PCPP/PCPP-Assignment3/Exercise5/ConcurrentIntegerSet.java. Using fallback presentation compiler.[0m
2026.09.21 10:42:44 INFO  no build target found for /home/anders/Desktop/SchoolProjects/CS-1-Semester/PCPP/PCPP-Assignment3/Exercise5/ConcurrentIntegerSet.java. Using fallback presentation compiler.[0m
2026.09.21 10:42:45 INFO  no build target found for /home/anders/Desktop/SchoolProjects/CS-1-Semester/PCPP/PCPP-Assignment3/Exercise5/ConcurrentIntegerSet.java. Using fallback presentation compiler.[0m
2026.09.21 10:42:49 INFO  no build target found for /home/anders/Desktop/SchoolProjects/CS-1-Semester/PCPP/PCPP-Assignment3/Exercise5/ConcurrentIntegerSet.java. Using fallback presentation compiler.[0m
2026.09.21 10:42:49 INFO  no build target found for /home/anders/Desktop/SchoolProjects/CS-1-Semester/PCPP/PCPP-Assignment3/Exercise5/ConcurrentIntegerSet.java. Using fallback presentation compiler.[0m
2026.09.21 10:43:06 INFO  no build target found for /home/anders/Desktop/SchoolProjects/CS-1-Semester/PCPP/PCPP-Assignment3/Exercise5/ConcurrentIntegerSet.java. Using fallback presentation compiler.[0m
2026.09.21 10:43:08 INFO  no build target found for /home/anders/Desktop/SchoolProjects/CS-1-Semester/PCPP/PCPP-Assignment3/Exercise5/ConcurrentIntegerSet.java. Using fallback presentation compiler.[0m
2026.09.21 10:43:08 INFO  Created report: Optional[file:///home/anders/Desktop/SchoolProjects/CS-1-Semester/PCPP/PCPP-Assignment3/Exercise5/ConcurrentIntegerSet.java][0m
2026.09.21 10:43:08 INFO  empty definition using pc, found symbol in pc: java/util/Set#add(). (full report at: "/home/anders/Desktop/SchoolProjects/CS-1-Semester/PCPP/PCPP-Assignment3/Exercise5/.metals/.reports/metals-full/2026-09-21/r_empty-definition_10-43-08-491.md")[0m
2026.09.21 10:43:08 INFO  no build target found for /home/anders/Desktop/SchoolProjects/CS-1-Semester/PCPP/PCPP-Assignment3/Exercise5/ConcurrentIntegerSet.java. Using fallback presentation compiler.[0m
2026.09.21 10:43:08 INFO  empty definition using pc, found symbol in pc: java/util/Set#add(). (full report at: "/home/anders/Desktop/SchoolProjects/CS-1-Semester/PCPP/PCPP-Assignment3/Exercise5/.metals/.reports/metals-full/2026-09-21/r_empty-definition_10-43-08-491.md")[0m
2026.09.21 10:43:08 WARN  Not starting Scala CLI for out-of-workspace file (it can be started manually): /home/anders/.config/Code/User/workspaceStorage/beae30ef2bdec620d0559db45e407b3e/Oracle.oracle-java/userdir/var/cache/index/s2/java/15/gensrc/java/util/Set.java[0m
2026.09.21 10:43:08 WARN  Using H2 2.5.250 which is newer than the version Flyway has been verified with. The latest verified version of H2 is 2.3.232.[0m
2026.09.21 10:43:08 INFO  no build target found for /home/anders/.config/Code/User/workspaceStorage/beae30ef2bdec620d0559db45e407b3e/Oracle.oracle-java/userdir/var/cache/index/s2/java/15/gensrc/java/util/Set.java. Using fallback presentation compiler.[0m
2026.09.21 10:43:08 WARN  Not starting Scala CLI for out-of-workspace file (it can be started manually): /home/anders/.config/Code/User/workspaceStorage/beae30ef2bdec620d0559db45e407b3e/Oracle.oracle-java/userdir/var/cache/index/s2/java/15/gensrc/java/util/Set.java[0m
2026.09.21 10:43:08 INFO  no build target found for /home/anders/.config/Code/User/workspaceStorage/beae30ef2bdec620d0559db45e407b3e/Oracle.oracle-java/userdir/var/cache/index/s2/java/15/gensrc/java/util/Set.java. Using fallback presentation compiler.[0m
2026.09.21 10:43:08 WARN  no build target for: /home/anders/.config/Code/User/workspaceStorage/beae30ef2bdec620d0559db45e407b3e/Oracle.oracle-java/userdir/var/cache/index/s2/java/15/gensrc/java/util/Set.java[0m
Sep 21, 2026 10:43:09 AM org.eclipse.lsp4j.jsonrpc.RemoteEndpoint handleCancellation
WARNING: Unmatched cancel notification for request id 227
2026.09.21 10:43:08 INFO  no build target found for /home/anders/.config/Code/User/workspaceStorage/beae30ef2bdec620d0559db45e407b3e/Oracle.oracle-java/userdir/var/cache/index/s2/java/15/gensrc/java/util/Set.java. Using fallback presentation compiler.[0m
2026.09.21 10:43:08 INFO  no build target found for /home/anders/.config/Code/User/workspaceStorage/beae30ef2bdec620d0559db45e407b3e/Oracle.oracle-java/userdir/var/cache/index/s2/java/15/gensrc/java/util/Set.java. Using fallback presentation compiler.[0m
2026.09.21 10:43:09 INFO  no build target found for /home/anders/Desktop/SchoolProjects/CS-1-Semester/PCPP/PCPP-Assignment3/Exercise5/ConcurrentSetTest.java. Using fallback presentation compiler.[0m
2026.09.21 10:43:13 INFO  no build target found for /home/anders/.config/Code/User/workspaceStorage/beae30ef2bdec620d0559db45e407b3e/Oracle.oracle-java/userdir/var/cache/index/s2/java/15/gensrc/java/util/Set.java. Using fallback presentation compiler.[0m
2026.09.21 10:43:13 INFO  no build target found for /home/anders/.config/Code/User/workspaceStorage/beae30ef2bdec620d0559db45e407b3e/Oracle.oracle-java/userdir/var/cache/index/s2/java/15/gensrc/java/util/Set.java. Using fallback presentation compiler.[0m
2026.09.21 10:43:13 INFO  no build target found for /home/anders/.config/Code/User/workspaceStorage/beae30ef2bdec620d0559db45e407b3e/Oracle.oracle-java/userdir/var/cache/index/s2/java/15/gensrc/java/util/Set.java. Using fallback presentation compiler.[0m
2026.09.21 10:43:14 INFO  no build target found for /home/anders/.config/Code/User/workspaceStorage/beae30ef2bdec620d0559db45e407b3e/Oracle.oracle-java/userdir/var/cache/index/s2/java/15/gensrc/java/util/Set.java. Using fallback presentation compiler.[0m
2026.09.21 10:43:15 INFO  no build target found for /home/anders/Desktop/SchoolProjects/CS-1-Semester/PCPP/PCPP-Assignment3/Exercise5/ConcurrentSetTest.java. Using fallback presentation compiler.[0m
2026.09.21 10:43:15 INFO  no build target found for /home/anders/Desktop/SchoolProjects/CS-1-Semester/PCPP/PCPP-Assignment3/Exercise5/ConcurrentSetTest.java. Using fallback presentation compiler.[0m
2026.09.21 10:43:17 INFO  no build target found for /home/anders/.config/Code/User/workspaceStorage/beae30ef2bdec620d0559db45e407b3e/Oracle.oracle-java/userdir/var/cache/index/s2/java/15/gensrc/java/util/Set.java. Using fallback presentation compiler.[0m
2026.09.21 10:43:18 INFO  no build target found for /home/anders/.config/Code/User/workspaceStorage/beae30ef2bdec620d0559db45e407b3e/Oracle.oracle-java/userdir/var/cache/index/s2/java/15/gensrc/java/util/Set.java. Using fallback presentation compiler.[0m
2026.09.21 10:43:21 INFO  no build target found for /home/anders/Desktop/SchoolProjects/CS-1-Semester/PCPP/PCPP-Assignment3/Exercise5/ConcurrentIntegerSet.java. Using fallback presentation compiler.[0m
2026.09.21 10:43:21 WARN  no build target for: /home/anders/Desktop/SchoolProjects/CS-1-Semester/PCPP/PCPP-Assignment3/Exercise5/ConcurrentIntegerSet.java[0m
2026.09.21 10:43:21 INFO  no build target found for /home/anders/Desktop/SchoolProjects/CS-1-Semester/PCPP/PCPP-Assignment3/Exercise5/ConcurrentIntegerSet.java. Using fallback presentation compiler.[0m
2026.09.21 10:43:21 INFO  no build target found for /home/anders/Desktop/SchoolProjects/CS-1-Semester/PCPP/PCPP-Assignment3/Exercise5/ConcurrentSetTest.java. Using fallback presentation compiler.[0m
2026.09.21 10:43:21 INFO  no build target found for /home/anders/Desktop/SchoolProjects/CS-1-Semester/PCPP/PCPP-Assignment3/Exercise5/ConcurrentIntegerSet.java. Using fallback presentation compiler.[0m
2026.09.21 10:43:21 INFO  no build target found for /home/anders/Desktop/SchoolProjects/CS-1-Semester/PCPP/PCPP-Assignment3/Exercise5/ConcurrentIntegerSet.java. Using fallback presentation compiler.[0m
2026.09.21 10:43:21 INFO  no build target found for /home/anders/Desktop/SchoolProjects/CS-1-Semester/PCPP/PCPP-Assignment3/Exercise5/ConcurrentIntegerSet.java. Using fallback presentation compiler.[0m
2026.09.21 10:43:27 INFO  no build target found for /home/anders/Desktop/SchoolProjects/CS-1-Semester/PCPP/PCPP-Assignment3/Exercise5/ConcurrentIntegerSet.java. Using fallback presentation compiler.[0m
2026.09.21 10:43:27 INFO  no build target found for /home/anders/Desktop/SchoolProjects/CS-1-Semester/PCPP/PCPP-Assignment3/Exercise5/ConcurrentIntegerSet.java. Using fallback presentation compiler.[0m
2026.09.21 10:43:27 INFO  no build target found for /home/anders/Desktop/SchoolProjects/CS-1-Semester/PCPP/PCPP-Assignment3/Exercise5/ConcurrentIntegerSet.java. Using fallback presentation compiler.[0m
2026.09.21 10:43:29 INFO  no build target found for /home/anders/Desktop/SchoolProjects/CS-1-Semester/PCPP/PCPP-Assignment3/Exercise5/ConcurrentIntegerSet.java. Using fallback presentation compiler.[0m
2026.09.21 10:43:30 INFO  no build target found for /home/anders/Desktop/SchoolProjects/CS-1-Semester/PCPP/PCPP-Assignment3/Exercise5/ConcurrentIntegerSet.java. Using fallback presentation compiler.[0m
2026.09.21 10:43:30 INFO  empty definition using pc, found symbol in pc: java/util/Set#add(). (full report at: "/home/anders/Desktop/SchoolProjects/CS-1-Semester/PCPP/PCPP-Assignment3/Exercise5/.metals/.reports/metals-full/2026-09-21/r_empty-definition_10-43-08-491.md")[0m
2026.09.21 10:43:29 INFO  no build target found for /home/anders/Desktop/SchoolProjects/CS-1-Semester/PCPP/PCPP-Assignment3/Exercise5/ConcurrentIntegerSet.java. Using fallback presentation compiler.[0m
2026.09.21 10:43:31 INFO  no build target found for /home/anders/Desktop/SchoolProjects/CS-1-Semester/PCPP/PCPP-Assignment3/Exercise5/ConcurrentIntegerSet.java. Using fallback presentation compiler.[0m
2026.09.21 10:43:30 INFO  empty definition using pc, found symbol in pc: java/util/Set#add(). (full report at: "/home/anders/Desktop/SchoolProjects/CS-1-Semester/PCPP/PCPP-Assignment3/Exercise5/.metals/.reports/metals-full/2026-09-21/r_empty-definition_10-43-08-491.md")[0m
2026.09.21 10:43:31 INFO  no build target found for /home/anders/.config/Code/User/workspaceStorage/beae30ef2bdec620d0559db45e407b3e/Oracle.oracle-java/userdir/var/cache/index/s2/java/15/gensrc/java/util/Set.java. Using fallback presentation compiler.[0m
2026.09.21 10:43:31 WARN  no build target for: /home/anders/.config/Code/User/workspaceStorage/beae30ef2bdec620d0559db45e407b3e/Oracle.oracle-java/userdir/var/cache/index/s2/java/15/gensrc/java/util/Set.java[0m
2026.09.21 10:43:31 INFO  no build target found for /home/anders/.config/Code/User/workspaceStorage/beae30ef2bdec620d0559db45e407b3e/Oracle.oracle-java/userdir/var/cache/index/s2/java/15/gensrc/java/util/Set.java. Using fallback presentation compiler.[0m
2026.09.21 10:43:31 INFO  no build target found for /home/anders/Desktop/SchoolProjects/CS-1-Semester/PCPP/PCPP-Assignment3/Exercise5/ConcurrentSetTest.java. Using fallback presentation compiler.[0m
2026.09.21 10:43:31 INFO  no build target found for /home/anders/.config/Code/User/workspaceStorage/beae30ef2bdec620d0559db45e407b3e/Oracle.oracle-java/userdir/var/cache/index/s2/java/15/gensrc/java/util/Set.java. Using fallback presentation compiler.[0m
2026.09.21 10:43:31 INFO  no build target found for /home/anders/Desktop/SchoolProjects/CS-1-Semester/PCPP/PCPP-Assignment3/Exercise5/ConcurrentSetTest.java. Using fallback presentation compiler.[0m
2026.09.21 10:43:31 INFO  no build target found for /home/anders/Desktop/SchoolProjects/CS-1-Semester/PCPP/PCPP-Assignment3/Exercise5/ConcurrentSetTest.java. Using fallback presentation compiler.[0m
2026.09.21 10:43:32 INFO  no build target found for /home/anders/Desktop/SchoolProjects/CS-1-Semester/PCPP/PCPP-Assignment3/Exercise5/ConcurrentSetTest.java. Using fallback presentation compiler.[0m
2026.09.21 10:43:32 INFO  no build target found for /home/anders/Desktop/SchoolProjects/CS-1-Semester/PCPP/PCPP-Assignment3/Exercise5/ConcurrentSetTest.java. Using fallback presentation compiler.[0m
2026.09.21 10:43:38 INFO  no build target found for /home/anders/.config/Code/User/workspaceStorage/beae30ef2bdec620d0559db45e407b3e/Oracle.oracle-java/userdir/var/cache/index/s2/java/15/gensrc/java/util/Set.java. Using fallback presentation compiler.[0m
2026.09.21 10:43:38 INFO  no build target found for /home/anders/.config/Code/User/workspaceStorage/beae30ef2bdec620d0559db45e407b3e/Oracle.oracle-java/userdir/var/cache/index/s2/java/15/gensrc/java/util/Set.java. Using fallback presentation compiler.[0m
2026.09.21 10:43:39 INFO  no build target found for /home/anders/.config/Code/User/workspaceStorage/beae30ef2bdec620d0559db45e407b3e/Oracle.oracle-java/userdir/var/cache/index/s2/java/15/gensrc/java/util/Set.java. Using fallback presentation compiler.[0m
2026.09.21 10:43:39 INFO  no build target found for /home/anders/.config/Code/User/workspaceStorage/beae30ef2bdec620d0559db45e407b3e/Oracle.oracle-java/userdir/var/cache/index/s2/java/15/gensrc/java/util/Set.java. Using fallback presentation compiler.[0m
2026.09.21 10:43:40 INFO  no build target found for /home/anders/.config/Code/User/workspaceStorage/beae30ef2bdec620d0559db45e407b3e/Oracle.oracle-java/userdir/var/cache/index/s2/java/15/gensrc/java/util/Set.java. Using fallback presentation compiler.[0m
2026.09.21 10:43:41 INFO  no build target found for /home/anders/.config/Code/User/workspaceStorage/beae30ef2bdec620d0559db45e407b3e/Oracle.oracle-java/userdir/var/cache/index/s2/java/15/gensrc/java/util/Set.java. Using fallback presentation compiler.[0m
2026.09.21 10:43:41 WARN  no build target for: /home/anders/Desktop/SchoolProjects/CS-1-Semester/PCPP/PCPP-Assignment3/Exercise5/SemaphoreImp.java[0m
2026.09.21 10:43:41 INFO  no build target found for /home/anders/Desktop/SchoolProjects/CS-1-Semester/PCPP/PCPP-Assignment3/Exercise5/SemaphoreImp.java. Using fallback presentation compiler.[0m
2026.09.21 10:43:41 INFO  no build target found for /home/anders/Desktop/SchoolProjects/CS-1-Semester/PCPP/PCPP-Assignment3/Exercise5/SemaphoreImp.java. Using fallback presentation compiler.[0m
2026.09.21 10:43:41 INFO  no build target found for /home/anders/Desktop/SchoolProjects/CS-1-Semester/PCPP/PCPP-Assignment3/Exercise5/SemaphoreImp.java. Using fallback presentation compiler.[0m
2026.09.21 10:43:42 INFO  no build target found for /home/anders/Desktop/SchoolProjects/CS-1-Semester/PCPP/PCPP-Assignment3/Exercise5/ConcurrentSetTest.java. Using fallback presentation compiler.[0m
2026.09.21 10:43:41 INFO  no build target found for /home/anders/Desktop/SchoolProjects/CS-1-Semester/PCPP/PCPP-Assignment3/Exercise5/SemaphoreImp.java. Using fallback presentation compiler.[0m
2026.09.21 10:43:41 INFO  no build target found for /home/anders/Desktop/SchoolProjects/CS-1-Semester/PCPP/PCPP-Assignment3/Exercise5/SemaphoreImp.java. Using fallback presentation compiler.[0m
2026.09.21 10:43:43 INFO  no build target found for /home/anders/Desktop/SchoolProjects/CS-1-Semester/PCPP/PCPP-Assignment3/Exercise5/SemaphoreImp.java. Using fallback presentation compiler.[0m
2026.09.21 10:43:51 INFO  no build target found for /home/anders/Desktop/SchoolProjects/CS-1-Semester/PCPP/PCPP-Assignment3/Exercise5/SemaphoreImp.java. Using fallback presentation compiler.[0m
2026.09.21 10:43:51 INFO  no build target found for /home/anders/Desktop/SchoolProjects/CS-1-Semester/PCPP/PCPP-Assignment3/Exercise5/ConcurrentIntegerSet.java. Using fallback presentation compiler.[0m
2026.09.21 10:43:51 WARN  no build target for: /home/anders/Desktop/SchoolProjects/CS-1-Semester/PCPP/PCPP-Assignment3/Exercise5/ConcurrentIntegerSet.java[0m
2026.09.21 10:43:51 INFO  no build target found for /home/anders/Desktop/SchoolProjects/CS-1-Semester/PCPP/PCPP-Assignment3/Exercise5/ConcurrentIntegerSet.java. Using fallback presentation compiler.[0m
2026.09.21 10:43:52 INFO  no build target found for /home/anders/Desktop/SchoolProjects/CS-1-Semester/PCPP/PCPP-Assignment3/Exercise5/ConcurrentIntegerSet.java. Using fallback presentation compiler.[0m
2026.09.21 10:43:52 INFO  no build target found for /home/anders/Desktop/SchoolProjects/CS-1-Semester/PCPP/PCPP-Assignment3/Exercise5/ConcurrentSetTest.java. Using fallback presentation compiler.[0m
2026.09.21 10:43:51 INFO  no build target found for /home/anders/Desktop/SchoolProjects/CS-1-Semester/PCPP/PCPP-Assignment3/Exercise5/ConcurrentIntegerSet.java. Using fallback presentation compiler.[0m
2026.09.21 10:43:53 INFO  no build target found for /home/anders/Desktop/SchoolProjects/CS-1-Semester/PCPP/PCPP-Assignment3/Exercise5/ConcurrentSetTest.java. Using fallback presentation compiler.[0m
2026.09.21 10:43:53 WARN  no build target for: /home/anders/Desktop/SchoolProjects/CS-1-Semester/PCPP/PCPP-Assignment3/Exercise5/ConcurrentSetTest.java[0m
2026.09.21 10:43:53 INFO  no build target found for /home/anders/Desktop/SchoolProjects/CS-1-Semester/PCPP/PCPP-Assignment3/Exercise5/ConcurrentSetTest.java. Using fallback presentation compiler.[0m
2026.09.21 10:43:53 INFO  no build target found for /home/anders/Desktop/SchoolProjects/CS-1-Semester/PCPP/PCPP-Assignment3/Exercise5/ConcurrentSetTest.java. Using fallback presentation compiler.[0m
2026.09.21 10:43:57 INFO  no build target found for /home/anders/Desktop/SchoolProjects/CS-1-Semester/PCPP/PCPP-Assignment3/Exercise5/ConcurrentIntegerSet.java. Using fallback presentation compiler.[0m
2026.09.21 10:43:57 WARN  no build target for: /home/anders/Desktop/SchoolProjects/CS-1-Semester/PCPP/PCPP-Assignment3/Exercise5/ConcurrentIntegerSet.java[0m
2026.09.21 10:43:57 INFO  no build target found for /home/anders/Desktop/SchoolProjects/CS-1-Semester/PCPP/PCPP-Assignment3/Exercise5/ConcurrentIntegerSet.java. Using fallback presentation compiler.[0m
2026.09.21 10:43:58 INFO  no build target found for /home/anders/Desktop/SchoolProjects/CS-1-Semester/PCPP/PCPP-Assignment3/Exercise5/ConcurrentIntegerSet.java. Using fallback presentation compiler.[0m
2026.09.21 10:43:58 INFO  no build target found for /home/anders/Desktop/SchoolProjects/CS-1-Semester/PCPP/PCPP-Assignment3/Exercise5/ConcurrentSetTest.java. Using fallback presentation compiler.[0m
2026.09.21 10:43:57 INFO  no build target found for /home/anders/Desktop/SchoolProjects/CS-1-Semester/PCPP/PCPP-Assignment3/Exercise5/ConcurrentIntegerSet.java. Using fallback presentation compiler.[0m
2026.09.21 10:43:57 INFO  no build target found for /home/anders/Desktop/SchoolProjects/CS-1-Semester/PCPP/PCPP-Assignment3/Exercise5/ConcurrentIntegerSet.java. Using fallback presentation compiler.[0m
2026.09.21 10:59:30 INFO  no build target found for /home/anders/Desktop/SchoolProjects/CS-1-Semester/PCPP/PCPP-Assignment3/Exercise5/ConcurrentSetTest.java. Using fallback presentation compiler.[0m
2026.09.21 10:59:30 INFO  no build target found for /home/anders/Desktop/SchoolProjects/CS-1-Semester/PCPP/PCPP-Assignment3/Exercise5/ConcurrentSetTest.java. Using fallback presentation compiler.[0m
2026.09.21 10:59:32 INFO  no build target found for /home/anders/Desktop/SchoolProjects/CS-1-Semester/PCPP/PCPP-Assignment3/Exercise5/ConcurrentSetTest.java. Using fallback presentation compiler.[0m
2026.09.21 11:00:01 INFO  no build target found for /home/anders/Desktop/SchoolProjects/CS-1-Semester/PCPP/PCPP-Assignment3/Exercise5/ConcurrentIntegerSet.java. Using fallback presentation compiler.[0m
2026.09.21 11:00:01 WARN  no build target for: /home/anders/Desktop/SchoolProjects/CS-1-Semester/PCPP/PCPP-Assignment3/Exercise5/ConcurrentIntegerSet.java[0m
2026.09.21 11:00:01 INFO  no build target found for /home/anders/Desktop/SchoolProjects/CS-1-Semester/PCPP/PCPP-Assignment3/Exercise5/ConcurrentIntegerSet.java. Using fallback presentation compiler.[0m
2026.09.21 11:00:01 INFO  no build target found for /home/anders/Desktop/SchoolProjects/CS-1-Semester/PCPP/PCPP-Assignment3/Exercise5/ConcurrentIntegerSet.java. Using fallback presentation compiler.[0m
2026.09.21 11:00:01 INFO  no build target found for /home/anders/Desktop/SchoolProjects/CS-1-Semester/PCPP/PCPP-Assignment3/Exercise5/ConcurrentIntegerSet.java. Using fallback presentation compiler.[0m
2026.09.21 11:00:02 WARN  no build target for: /home/anders/Desktop/SchoolProjects/CS-1-Semester/PCPP/PCPP-Assignment3/Exercise5/ConcurrentSetTest.java[0m
2026.09.21 11:00:02 INFO  no build target found for /home/anders/Desktop/SchoolProjects/CS-1-Semester/PCPP/PCPP-Assignment3/Exercise5/ConcurrentSetTest.java. Using fallback presentation compiler.[0m
2026.09.21 11:00:02 INFO  no build target found for /home/anders/Desktop/SchoolProjects/CS-1-Semester/PCPP/PCPP-Assignment3/Exercise5/ConcurrentSetTest.java. Using fallback presentation compiler.[0m
2026.09.21 11:00:02 INFO  no build target found for /home/anders/Desktop/SchoolProjects/CS-1-Semester/PCPP/PCPP-Assignment3/Exercise5/ConcurrentSetTest.java. Using fallback presentation compiler.[0m
2026.09.21 11:00:03 INFO  no build target found for /home/anders/Desktop/SchoolProjects/CS-1-Semester/PCPP/PCPP-Assignment3/Exercise5/ConcurrentSetTest.java. Using fallback presentation compiler.[0m
2026.09.21 11:00:02 INFO  no build target found for /home/anders/Desktop/SchoolProjects/CS-1-Semester/PCPP/PCPP-Assignment3/Exercise5/ConcurrentSetTest.java. Using fallback presentation compiler.[0m
2026.09.21 11:00:03 INFO  no build target found for /home/anders/Desktop/SchoolProjects/CS-1-Semester/PCPP/PCPP-Assignment3/Exercise5/ConcurrentSetTest.java. Using fallback presentation compiler.[0m
2026.09.21 11:00:05 INFO  no build target found for /home/anders/Desktop/SchoolProjects/CS-1-Semester/PCPP/PCPP-Assignment3/Exercise5/ConcurrentIntegerSet.java. Using fallback presentation compiler.[0m
2026.09.21 11:00:05 WARN  no build target for: /home/anders/Desktop/SchoolProjects/CS-1-Semester/PCPP/PCPP-Assignment3/Exercise5/ConcurrentIntegerSet.java[0m
2026.09.21 11:00:05 INFO  no build target found for /home/anders/Desktop/SchoolProjects/CS-1-Semester/PCPP/PCPP-Assignment3/Exercise5/ConcurrentIntegerSet.java. Using fallback presentation compiler.[0m
2026.09.21 11:00:05 INFO  no build target found for /home/anders/Desktop/SchoolProjects/CS-1-Semester/PCPP/PCPP-Assignment3/Exercise5/ConcurrentIntegerSet.java. Using fallback presentation compiler.[0m
2026.09.21 11:00:05 INFO  no build target found for /home/anders/Desktop/SchoolProjects/CS-1-Semester/PCPP/PCPP-Assignment3/Exercise5/ConcurrentIntegerSet.java. Using fallback presentation compiler.[0m
2026.09.21 11:00:08 INFO  no build target found for /home/anders/Desktop/SchoolProjects/CS-1-Semester/PCPP/PCPP-Assignment3/Exercise5/ConcurrentIntegerSet.java. Using fallback presentation compiler.[0m
2026.09.21 11:00:08 INFO  no build target found for /home/anders/Desktop/SchoolProjects/CS-1-Semester/PCPP/PCPP-Assignment3/Exercise5/ConcurrentIntegerSet.java. Using fallback presentation compiler.[0m
2026.09.21 11:00:48 INFO  no build target found for /home/anders/Desktop/SchoolProjects/CS-1-Semester/PCPP/PCPP-Assignment3/Exercise5/ConcurrentIntegerSet.java. Using fallback presentation compiler.[0m
2026.09.21 11:30:45 INFO  no build target found for /home/anders/Desktop/SchoolProjects/CS-1-Semester/PCPP/PCPP-Assignment3/Exercise5/SemaphoreImp.java. Using fallback presentation compiler.[0m
2026.09.21 11:30:45 WARN  no build target for: /home/anders/Desktop/SchoolProjects/CS-1-Semester/PCPP/PCPP-Assignment3/Exercise5/SemaphoreImp.java[0m
2026.09.21 11:30:45 INFO  no build target found for /home/anders/Desktop/SchoolProjects/CS-1-Semester/PCPP/PCPP-Assignment3/Exercise5/SemaphoreImp.java. Using fallback presentation compiler.[0m
2026.09.21 11:30:45 INFO  no build target found for /home/anders/Desktop/SchoolProjects/CS-1-Semester/PCPP/PCPP-Assignment3/Exercise5/SemaphoreImp.java. Using fallback presentation compiler.[0m
2026.09.21 11:32:48 INFO  no build target found for /home/anders/Desktop/SchoolProjects/CS-1-Semester/PCPP/PCPP-Assignment3/Exercise5/SemaphoreImp.java. Using fallback presentation compiler.[0m
2026.09.21 11:32:48 WARN  no build target for: /home/anders/Desktop/SchoolProjects/CS-1-Semester/PCPP/PCPP-Assignment3/Exercise5/SemaphoreImp.java[0m
2026.09.21 11:32:48 INFO  no build target found for /home/anders/Desktop/SchoolProjects/CS-1-Semester/PCPP/PCPP-Assignment3/Exercise5/SemaphoreImp.java. Using fallback presentation compiler.[0m
2026.09.21 11:32:48 INFO  no build target found for /home/anders/Desktop/SchoolProjects/CS-1-Semester/PCPP/PCPP-Assignment3/Exercise5/SemaphoreImp.java. Using fallback presentation compiler.[0m
2026.09.21 11:32:48 INFO  no build target found for /home/anders/Desktop/SchoolProjects/CS-1-Semester/PCPP/PCPP-Assignment3/Exercise5/SemaphoreImp.java. Using fallback presentation compiler.[0m
2026.09.21 11:33:40 INFO  no build target found for /home/anders/Desktop/SchoolProjects/CS-1-Semester/PCPP/PCPP-Assignment3/Exercise5/SemaphoreImp.java. Using fallback presentation compiler.[0m
2026.09.21 11:35:16 INFO  no build target found for /home/anders/Desktop/SchoolProjects/CS-1-Semester/PCPP/PCPP-Assignment3/Exercise5/ConcurrentSetTest.java. Using fallback presentation compiler.[0m
2026.09.21 11:35:16 WARN  no build target for: /home/anders/Desktop/SchoolProjects/CS-1-Semester/PCPP/PCPP-Assignment3/Exercise5/ConcurrentSetTest.java[0m
2026.09.21 11:35:16 INFO  no build target found for /home/anders/Desktop/SchoolProjects/CS-1-Semester/PCPP/PCPP-Assignment3/Exercise5/ConcurrentSetTest.java. Using fallback presentation compiler.[0m
2026.09.21 11:35:17 INFO  no build target found for /home/anders/Desktop/SchoolProjects/CS-1-Semester/PCPP/PCPP-Assignment3/Exercise5/ConcurrentSetTest.java. Using fallback presentation compiler.[0m
2026.09.21 11:35:16 INFO  no build target found for /home/anders/Desktop/SchoolProjects/CS-1-Semester/PCPP/PCPP-Assignment3/Exercise5/ConcurrentIntegerSet.java. Using fallback presentation compiler.[0m
2026.09.21 11:35:17 WARN  no build target for: /home/anders/Desktop/SchoolProjects/CS-1-Semester/PCPP/PCPP-Assignment3/Exercise5/ConcurrentIntegerSet.java[0m
2026.09.21 11:35:18 INFO  no build target found for /home/anders/Desktop/SchoolProjects/CS-1-Semester/PCPP/PCPP-Assignment3/Exercise5/ConcurrentIntegerSet.java. Using fallback presentation compiler.[0m
2026.09.21 11:35:18 INFO  no build target found for /home/anders/Desktop/SchoolProjects/CS-1-Semester/PCPP/PCPP-Assignment3/Exercise5/ConcurrentIntegerSet.java. Using fallback presentation compiler.[0m
2026.09.21 11:35:18 INFO  no build target found for /home/anders/Desktop/SchoolProjects/CS-1-Semester/PCPP/PCPP-Assignment3/Exercise5/ConcurrentIntegerSet.java. Using fallback presentation compiler.[0m
2026.09.21 11:35:20 INFO  no build target found for /home/anders/Desktop/SchoolProjects/CS-1-Semester/PCPP/PCPP-Assignment3/Exercise5/ConcurrentIntegerSet.java. Using fallback presentation compiler.[0m
2026.09.21 11:35:22 INFO  no build target found for /home/anders/Desktop/SchoolProjects/CS-1-Semester/PCPP/PCPP-Assignment3/Exercise5/ConcurrentIntegerSet.java. Using fallback presentation compiler.[0m
2026.09.21 11:36:00 INFO  no build target found for /home/anders/Desktop/SchoolProjects/CS-1-Semester/PCPP/PCPP-Assignment3/Exercise5/ConcurrentSetTest.java. Using fallback presentation compiler.[0m
2026.09.21 11:36:00 WARN  no build target for: /home/anders/Desktop/SchoolProjects/CS-1-Semester/PCPP/PCPP-Assignment3/Exercise5/ConcurrentSetTest.java[0m
2026.09.21 11:36:00 INFO  no build target found for /home/anders/Desktop/SchoolProjects/CS-1-Semester/PCPP/PCPP-Assignment3/Exercise5/ConcurrentSetTest.java. Using fallback presentation compiler.[0m
2026.09.21 11:36:00 INFO  no build target found for /home/anders/Desktop/SchoolProjects/CS-1-Semester/PCPP/PCPP-Assignment3/Exercise5/ConcurrentSetTest.java. Using fallback presentation compiler.[0m
2026.09.21 11:36:02 INFO  no build target found for /home/anders/Desktop/SchoolProjects/CS-1-Semester/PCPP/PCPP-Assignment3/Exercise5/SemaphoreImp.java. Using fallback presentation compiler.[0m
2026.09.21 11:36:02 WARN  no build target for: /home/anders/Desktop/SchoolProjects/CS-1-Semester/PCPP/PCPP-Assignment3/Exercise5/SemaphoreImp.java[0m
2026.09.21 11:36:02 INFO  no build target found for /home/anders/Desktop/SchoolProjects/CS-1-Semester/PCPP/PCPP-Assignment3/Exercise5/SemaphoreImp.java. Using fallback presentation compiler.[0m
2026.09.21 11:36:02 INFO  no build target found for /home/anders/Desktop/SchoolProjects/CS-1-Semester/PCPP/PCPP-Assignment3/Exercise5/SemaphoreImp.java. Using fallback presentation compiler.[0m
2026.09.21 11:38:48 INFO  no build target found for /home/anders/Desktop/SchoolProjects/CS-1-Semester/PCPP/PCPP-Assignment3/Exercise5/SemaphoreImp.java. Using fallback presentation compiler.[0m
2026.09.21 11:38:48 INFO  no build target found for /home/anders/Desktop/SchoolProjects/CS-1-Semester/PCPP/PCPP-Assignment3/Exercise5/SemaphoreImp.java. Using fallback presentation compiler.[0m
2026.09.21 11:38:50 INFO  no build target found for /home/anders/Desktop/SchoolProjects/CS-1-Semester/PCPP/PCPP-Assignment3/Exercise5/SemaphoreImp.java. Using fallback presentation compiler.[0m
2026.09.21 11:38:50 INFO  no build target found for /home/anders/Desktop/SchoolProjects/CS-1-Semester/PCPP/PCPP-Assignment3/Exercise5/SemaphoreImp.java. Using fallback presentation compiler.[0m
2026.09.21 11:38:50 INFO  no build target found for /home/anders/Desktop/SchoolProjects/CS-1-Semester/PCPP/PCPP-Assignment3/Exercise5/SemaphoreImp.java. Using fallback presentation compiler.[0m
2026.09.21 11:39:04 INFO  no build target found for /home/anders/Desktop/SchoolProjects/CS-1-Semester/PCPP/PCPP-Assignment3/Exercise5/SemaphoreImp.java. Using fallback presentation compiler.[0m
2026.09.21 11:39:07 INFO  no build target found for /home/anders/Desktop/SchoolProjects/CS-1-Semester/PCPP/PCPP-Assignment3/Exercise5/SemaphoreImp.java. Using fallback presentation compiler.[0m
2026.09.21 11:39:07 INFO  no build target found for /home/anders/Desktop/SchoolProjects/CS-1-Semester/PCPP/PCPP-Assignment3/Exercise5/SemaphoreImp.java. Using fallback presentation compiler.[0m
2026.09.21 11:39:07 INFO  no build target found for /home/anders/Desktop/SchoolProjects/CS-1-Semester/PCPP/PCPP-Assignment3/Exercise5/SemaphoreImp.java. Using fallback presentation compiler.[0m
2026.09.21 11:39:10 INFO  no build target found for /home/anders/Desktop/SchoolProjects/CS-1-Semester/PCPP/PCPP-Assignment3/Exercise5/SemaphoreImp.java. Using fallback presentation compiler.[0m
2026.09.21 11:39:10 INFO  no build target found for /home/anders/Desktop/SchoolProjects/CS-1-Semester/PCPP/PCPP-Assignment3/Exercise5/SemaphoreImp.java. Using fallback presentation compiler.[0m
2026.09.21 11:46:55 INFO  no build target found for /home/anders/Desktop/SchoolProjects/CS-1-Semester/PCPP/PCPP-Assignment3/Exercise5/SemaphoreImp.java. Using fallback presentation compiler.[0m
2026.09.21 11:46:55 WARN  no build target for: /home/anders/Desktop/SchoolProjects/CS-1-Semester/PCPP/PCPP-Assignment3/Exercise5/SemaphoreImp.java[0m
2026.09.21 11:46:55 INFO  no build target found for /home/anders/Desktop/SchoolProjects/CS-1-Semester/PCPP/PCPP-Assignment3/Exercise5/SemaphoreImp.java. Using fallback presentation compiler.[0m
2026.09.21 11:46:55 INFO  no build target found for /home/anders/Desktop/SchoolProjects/CS-1-Semester/PCPP/PCPP-Assignment3/Exercise5/SemaphoreImp.java. Using fallback presentation compiler.[0m
